// Vitest Snapshot v1

exports[`app > mount component 1`] = `
"<div id=\\"app\\" data-v-7ba5bd90=\\"\\">
  <station-map-stub stations=\\"\\" showbikes=\\"true\\" bounds=\\"10.81431433498766,59.9534114,10.651118,59.90321254732584\\" class=\\"bicycle-map\\" data-test=\\"map\\" data-v-7ba5bd90=\\"\\"></station-map-stub><button class=\\"lower-left-button button is-light\\" data-test=\\"docks-button\\" data-v-7ba5bd90=\\"\\"><span class=\\"icon\\" data-v-7ba5bd90=\\"\\"><font-awesome-icon-stub icon=\\"lock-open\\" border=\\"false\\" fixedwidth=\\"false\\" flip=\\"false\\" listitem=\\"false\\" pulse=\\"false\\" swapopacity=\\"false\\" spin=\\"false\\" symbol=\\"false\\" inverse=\\"false\\" bounce=\\"false\\" shake=\\"false\\" beat=\\"false\\" fade=\\"false\\" beatfade=\\"false\\" flash=\\"false\\" spinpulse=\\"false\\" spinreverse=\\"false\\" data-v-7ba5bd90=\\"\\"></font-awesome-icon-stub></span><span data-v-7ba5bd90=\\"\\">Vis ledige plasser</span></button>
  <!--v-if-->
  <status-indicator-stub status=\\"loading\\" class=\\"status-indicator\\" data-test=\\"status-indicator\\" data-v-7ba5bd90=\\"\\"></status-indicator-stub>
  <transition-stub data-v-7ba5bd90=\\"\\"><button class=\\"lower-right-button button is-link\\" data-test=\\"search-button\\" data-v-7ba5bd90=\\"\\"><span class=\\"icon\\" data-v-7ba5bd90=\\"\\"><font-awesome-icon-stub icon=\\"search\\" border=\\"false\\" fixedwidth=\\"false\\" flip=\\"false\\" listitem=\\"false\\" pulse=\\"false\\" swapopacity=\\"false\\" spin=\\"false\\" symbol=\\"false\\" inverse=\\"false\\" bounce=\\"false\\" shake=\\"false\\" beat=\\"false\\" fade=\\"false\\" beatfade=\\"false\\" flash=\\"false\\" spinpulse=\\"false\\" spinreverse=\\"false\\" data-v-7ba5bd90=\\"\\"></font-awesome-icon-stub></span><span data-v-7ba5bd90=\\"\\">SÃ¸k</span></button></transition-stub>
  <transition-stub data-v-7ba5bd90=\\"\\">
    <!--v-if-->
  </transition-stub>
</div>"
`;
