// Vitest Snapshot v1

exports[`StationMap > mount component 1`] = `"<div></div>"`;
